Submitted batch job 10806
Submitted batch job 10807
Submitted batch job 10808
Submitted batch job 10809
Submitted batch job 10810
Submitted batch job 10811
